=== RERUN baslangic: 2026-08-23 13:51:18 ===
=== 13:51 calisiyor: adim1_tani_temizlik ===
   exit=0 bitti: 13:51
=== 13:51 calisiyor: adim2_model_kalibrasyon ===
   exit=0 bitti: 16:12
=== 16:12 calisiyor: adim3_dengeleme_rq1 ===
   exit=0 bitti: 16:18
=== 16:18 calisiyor: adim4_shap_rq2 ===
   exit=0 bitti: 16:19
=== 16:19 calisiyor: adim5_kar_roi_rq3 ===
   exit=0 bitti: 16:20
=== 16:20 calisiyor: adim6_transfer_probe ===
   exit=0 bitti: 16:41
=== 16:41 calisiyor: adim7_saglamlik ===
   exit=0 bitti: 17:08
=== 17:08 calisiyor: adim8_profit_baseline ===
   exit=0 bitti: 17:09
=== 17:09 calisiyor: adim9_imza_bulgu ===
   exit=0 bitti: 17:09
=== TUM NOTEBOOKLAR TAMAMLANDI: 17:09:38 ===
